en	article_categories	http://en.dbpedia.org/resource/Apache_Hadoop	http://purl.org/dc/terms/subject	http://en.dbpedia.org/resource/Category:Apache_Software_Foundation	http://en.wikipedia.org/wiki/Apache_Hadoop?oldid=721269142#section=External_link&relative-line=11&absolute-line=620	null
en	article_categories	http://en.dbpedia.org/resource/Apache_Hadoop	http://purl.org/dc/terms/subject	http://en.dbpedia.org/resource/Category:Big_data_products	http://en.wikipedia.org/wiki/Apache_Hadoop?oldid=721269142#section=External_link&relative-line=12&absolute-line=621	null
en	article_categories	http://en.dbpedia.org/resource/Apache_Hadoop	http://purl.org/dc/terms/subject	http://en.dbpedia.org/resource/Category:Cloud_infrastructure	http://en.wikipedia.org/wiki/Apache_Hadoop?oldid=721269142#section=External_link&relative-line=13&absolute-line=622	null
en	article_categories	http://en.dbpedia.org/resource/Apache_Hadoop	http://purl.org/dc/terms/subject	http://en.dbpedia.org/resource/Category:Distributed_file_systems	http://en.wikipedia.org/wiki/Apache_Hadoop?oldid=721269142#section=External_link&relative-line=14&absolute-line=623	null
en	article_categories	http://en.dbpedia.org/resource/Apache_Hadoop	http://purl.org/dc/terms/subject	http://en.dbpedia.org/resource/Category:Free_software_for_cloud_computing	http://en.wikipedia.org/wiki/Apache_Hadoop?oldid=721269142#section=External_link&relative-line=15&absolute-line=624	null
en	article_categories	http://en.dbpedia.org/resource/Apache_Hadoop	http://purl.org/dc/terms/subject	http://en.dbpedia.org/resource/Category:Free_software_programmed_in_Java_(programming_language)	http://en.wikipedia.org/wiki/Apache_Hadoop?oldid=721269142#section=External_link&relative-line=16&absolute-line=625	null
en	article_categories	http://en.dbpedia.org/resource/Apache_Hadoop	http://purl.org/dc/terms/subject	http://en.dbpedia.org/resource/Category:Free_system_software	http://en.wikipedia.org/wiki/Apache_Hadoop?oldid=721269142#section=External_link&relative-line=17&absolute-line=626	null
en	article_categories	http://en.dbpedia.org/resource/Apache_Hadoop	http://purl.org/dc/terms/subject	http://en.dbpedia.org/resource/Category:Hadoop	http://en.wikipedia.org/wiki/Apache_Hadoop?oldid=721269142#section=External_link&relative-line=18&absolute-line=627	null
en	article_categories	http://en.dbpedia.org/resource/Apache_Hadoop	http://purl.org/dc/terms/subject	http://en.dbpedia.org/resource/Category:Software_using_the_Apache_license	http://en.wikipedia.org/wiki/Apache_Hadoop?oldid=721269142#section=External_link&relative-line=19&absolute-line=628	null
en	article_categories	http://en.dbpedia.org/resource/Apache_Spark	http://purl.org/dc/terms/subject	http://en.dbpedia.org/resource/Category:Apache_Software_Foundation	http://en.wikipedia.org/wiki/Apache_Spark?oldid=720956015#section=External_link&relative-line=11&absolute-line=186	null
en	article_categories	http://en.dbpedia.org/resource/Apache_Spark	http://purl.org/dc/terms/subject	http://en.dbpedia.org/resource/Category:Big_data_products	http://en.wikipedia.org/wiki/Apache_Spark?oldid=720956015#section=External_link&relative-line=12&absolute-line=187	null
en	article_categories	http://en.dbpedia.org/resource/Apache_Spark	http://purl.org/dc/terms/subject	http://en.dbpedia.org/resource/Category:Cluster_computing	http://en.wikipedia.org/wiki/Apache_Spark?oldid=720956015#section=External_link&relative-line=13&absolute-line=188	null
en	article_categories	http://en.dbpedia.org/resource/Apache_Spark	http://purl.org/dc/terms/subject	http://en.dbpedia.org/resource/Category:Data_mining_and_machine_learning_software	http://en.wikipedia.org/wiki/Apache_Spark?oldid=720956015#section=External_link&relative-line=14&absolute-line=189	null
en	article_categories	http://en.dbpedia.org/resource/Apache_Spark	http://purl.org/dc/terms/subject	http://en.dbpedia.org/resource/Category:Free_software_programmed_in_Scala	http://en.wikipedia.org/wiki/Apache_Spark?oldid=720956015#section=External_link&relative-line=15&absolute-line=190	null
en	article_categories	http://en.dbpedia.org/resource/Apache_Spark	http://purl.org/dc/terms/subject	http://en.dbpedia.org/resource/Category:Hadoop	http://en.wikipedia.org/wiki/Apache_Spark?oldid=720956015#section=External_link&relative-line=16&absolute-line=191	null
en	article_categories	http://en.dbpedia.org/resource/Apache_Spark	http://purl.org/dc/terms/subject	http://en.dbpedia.org/resource/Category:Java_platform	http://en.wikipedia.org/wiki/Apache_Spark?oldid=720956015#section=External_link&relative-line=17&absolute-line=192	null
en	article_categories	http://en.dbpedia.org/resource/Apache_Spark	http://purl.org/dc/terms/subject	http://en.dbpedia.org/resource/Category:Software_using_the_Apache_license	http://en.wikipedia.org/wiki/Apache_Spark?oldid=720956015#section=External_link&relative-line=18&absolute-line=193	null
en	article_categories	http://en.dbpedia.org/resource/Apache_Spark	http://purl.org/dc/terms/subject	http://en.dbpedia.org/resource/Category:University_of_California,_Berkeley	http://en.wikipedia.org/wiki/Apache_Spark?oldid=720956015#section=External_link&relative-line=19&absolute-line=194	null